SLF4J: Class path contains multiple SLF4J providers.
SLF4J: Found provider [ch.qos.logback.classic.spi.LogbackServiceProvider@728938a9]
SLF4J: Found provider [org.slf4j.simple.SimpleServiceProvider@21b8d17c]
SLF4J: See https://www.slf4j.org/codes.html#multiple_bindings for an explanation.
SLF4J: Actual provider is of type [ch.qos.logback.classic.spi.LogbackServiceProvider@728938a9]

  .   ____          _            __ _ _
 /\\ / ___'_ __ _ _(_)_ __  __ _ \ \ \ \
( ( )\___ | '_ | '_| | '_ \/ _` | \ \ \ \
 \\/  ___)| |_)| | | | | || (_| |  ) ) ) )
  '  |____| .__|_| |_|_| |_\__, | / / / /
 =========|_|==============|___/=/_/_/_/
 :: Spring Boot ::                (v3.1.3)

2026-08-04T15:56:26.622+08:00  INFO 8402 --- [           main] com.elderly.SilverCareApplication        : Starting SilverCareApplication v2.0 using Java 17.0.19 with PID 8402 (/home/nanfeng/silver-care-ai/target/silver-care-ai-2.0.jar started by root in /home/nanfeng/silver-care-ai)
2026-08-04T15:56:26.628+08:00  INFO 8402 --- [           main] com.elderly.SilverCareApplication        : No active profile set, falling back to 1 default profile: "default"
2026-08-04T15:56:27.524+08:00  INFO 8402 --- [           main] .s.d.r.c.RepositoryConfigurationDelegate : Multiple Spring Data modules found, entering strict repository configuration mode
2026-08-04T15:56:27.527+08:00  INFO 8402 --- [           main] .s.d.r.c.RepositoryConfigurationDelegate : Bootstrapping Spring Data Redis repositories in DEFAULT mode.
2026-08-04T15:56:27.578+08:00  INFO 8402 --- [           main] .s.d.r.c.RepositoryConfigurationDelegate : Finished Spring Data repository scanning in 16 ms. Found 0 Redis repository interfaces.
2026-08-04T15:56:27.801+08:00  WARN 8402 --- [           main] o.m.s.mapper.ClassPathMapperScanner      : No MyBatis mapper was found in '[com.elderly.mapper]' package. Please check your configuration.
2026-08-04T15:56:28.597+08:00  INFO 8402 --- [           main] o.s.b.w.embedded.tomcat.TomcatWebServer  : Tomcat initialized with port(s): 8080 (http)
2026-08-04T15:56:28.616+08:00  INFO 8402 --- [           main] o.apache.catalina.core.StandardService   : Starting service [Tomcat]
2026-08-04T15:56:28.616+08:00  INFO 8402 --- [           main] o.apache.catalina.core.StandardEngine    : Starting Servlet engine: [Apache Tomcat/10.1.12]
2026-08-04T15:56:28.724+08:00  INFO 8402 --- [           main] o.a.c.c.C.[Tomcat].[localhost].[/]       : Initializing Spring embedded WebApplicationContext
2026-08-04T15:56:28.727+08:00  INFO 8402 --- [           main] w.s.c.ServletWebServerApplicationContext : Root WebApplicationContext: initialization completed in 1965 ms
2026-08-04T15:56:30.065+08:00  INFO 8402 --- [           main] org.quartz.impl.StdSchedulerFactory      : Using default implementation for ThreadExecutor
2026-08-04T15:56:30.078+08:00  INFO 8402 --- [           main] org.quartz.core.SchedulerSignalerImpl    : Initialized Scheduler Signaller of type: class org.quartz.core.SchedulerSignalerImpl
2026-08-04T15:56:30.079+08:00  INFO 8402 --- [           main] org.quartz.core.QuartzScheduler          : Quartz Scheduler v.2.3.2 created.
2026-08-04T15:56:30.079+08:00  INFO 8402 --- [           main] org.quartz.simpl.RAMJobStore             : RAMJobStore initialized.
2026-08-04T15:56:30.079+08:00  INFO 8402 --- [           main] org.quartz.core.QuartzScheduler          : Scheduler meta-data: Quartz Scheduler (v2.3.2) 'quartzScheduler' with instanceId 'NON_CLUSTERED'
  Scheduler class: 'org.quartz.core.QuartzScheduler' - running locally.
  NOT STARTED.
  Currently in standby mode.
  Number of jobs executed: 0
  Using thread pool 'org.quartz.simpl.SimpleThreadPool' - with 10 threads.
  Using job-store 'org.quartz.simpl.RAMJobStore' - which does not support persistence. and is not clustered.

2026-08-04T15:56:30.080+08:00  INFO 8402 --- [           main] org.quartz.impl.StdSchedulerFactory      : Quartz scheduler 'quartzScheduler' initialized from an externally provided properties instance.
2026-08-04T15:56:30.080+08:00  INFO 8402 --- [           main] org.quartz.impl.StdSchedulerFactory      : Quartz scheduler version: 2.3.2
2026-08-04T15:56:30.080+08:00  INFO 8402 --- [           main] org.quartz.core.QuartzScheduler          : JobFactory set to: org.springframework.scheduling.quartz.SpringBeanJobFactory@3ff57625
2026-08-04T15:56:30.149+08:00  WARN 8402 --- [           main] ConfigServletWebServerApplicationContext : Exception encountered during context initialization - cancelling refresh attempt: org.springframework.context.ApplicationContextException: Failed to start bean 'webServerStartStop'
2026-08-04T15:56:30.158+08:00  INFO 8402 --- [           main] o.s.s.quartz.SchedulerFactoryBean        : Shutting down Quartz Scheduler
2026-08-04T15:56:30.158+08:00  INFO 8402 --- [           main] org.quartz.core.QuartzScheduler          : Scheduler quartzScheduler_$_NON_CLUSTERED shutting down.
2026-08-04T15:56:30.158+08:00  INFO 8402 --- [           main] org.quartz.core.QuartzScheduler          : Scheduler quartzScheduler_$_NON_CLUSTERED paused.
2026-08-04T15:56:30.158+08:00  INFO 8402 --- [           main] org.quartz.core.QuartzScheduler          : Scheduler quartzScheduler_$_NON_CLUSTERED shutdown complete.
2026-08-04T15:56:30.177+08:00  INFO 8402 --- [           main] o.apache.catalina.core.StandardService   : Stopping service [Tomcat]
2026-08-04T15:56:30.204+08:00  INFO 8402 --- [           main] .s.b.a.l.ConditionEvaluationReportLogger : 

Error starting ApplicationContext. To display the condition evaluation report re-run your application with 'debug' enabled.
2026-08-04T15:56:30.220+08:00 ERROR 8402 --- [           main] o.s.b.d.LoggingFailureAnalysisReporter   : 

***************************
APPLICATION FAILED TO START
***************************

Description:

Web server failed to start. Port 8080 was already in use.

Action:

Identify and stop the process that's listening on port 8080 or configure this application to listen on another port.

